// Jest Snapshot v1, https://goo.gl/fbAQLP

exports[`<Section /> should create Snapshot 1`] = `
<article
  className="sc-AxheI iITLKJ"
>
  <p
    className="sc-Axmtr bAnsOc"
  >
    title
  </p>
  <ul
    className="sc-AxmLO chzFoG"
  >
    <div>
      children
    </div>
  </ul>
</article>
`;
