// Jest Snapshot v1, https://goo.gl/fbAQLP

exports[`<YearContent /> should create Snapshot 1`] = `
<p
  className="sc-AxhUy hwimqV"
  format="L"
  lang="en"
>
  <span
    className="sc-AxgMl jZSFGj"
  >
    From
  </span>
  <time
    dateTime="2020/08/21"
  >
    08/21/2020
  </time>
</p>
`;
